LogTemp: Display: [SS3D] WHITEBOX PASS????????????????
LogTemp: Display: [SS3D] UI PASS?????? HUD ????
LogTemp: Display: [SS3D] INPUT PASS???????????????
LogTemp: Display: [SS3D] NODES PASS??????????????????????????? Boss ?????????
LogTemp: Display: [SS3D] EFFECT Vulnerable increases damage: PASS
LogTemp: Display: [SS3D] EFFECT Weak reduces enemy attack: PASS
LogTemp: Display: [SS3D] EFFECT Poison ticks and decays: PASS
LogTemp: Display: [SS3D] EFFECT Enemy Buff grants strength: PASS
LogTemp: Display: [SS3D] EFFECT Potion kill triggers victory relic: PASS
LogTemp: Display: [SS3D] EFFECT Weak/Vulnerable card is available: PASS
LogTemp: Display: [SS3D] EFFECT Poison card is available: PASS
LogTemp: Display: [SS3D] EFFECTS PASS???????????? Buff??????????????
LogTemp: Display: [SS3D] PHASE MAP: node=?? phase=2 PASS
LogTemp: Display: [SS3D] PHASE MAP: node=?? phase=3 PASS
LogTemp: Display: [SS3D] PHASE MAP: node=?? phase=4 PASS
LogTemp: Display: [SS3D] PHASE MAP: node=?? phase=5 PASS
LogTemp: Display: [SS3D] PHASE MAP: node=?? phase=6 PASS
LogTemp: Display: [SS3D] PHASE MAP: node=?? phase=3 PASS
LogTemp: Display: [SS3D] PHASE MAP: node=?? phase=7 PASS
LogTemp: Display: [SS3D] PHASE MAP: node=Boss phase=3 PASS
LogTemp: Display: [SS3D] PHASE PASS????????????????
LogTemp: Display: [SS3D] WHITEBOX PASS?????????????????????
LogTemp: Display: [SS3D] WINDOW PASS?????????? 1280x720?
LogTemp: Display: [SS3D] UI PASS????????????????????????????
LogTemp: Display: [SS3D] INPUT PASS????????????????
LogTemp: Display: [SS3D] WINDOW PASS?GameUserSettings ?????? Windows ????
LogTemp: Display: [SS3D] DEFEAT PASS???????? Defeat ???
LogTemp: Display: [SS3D] DEMO PASS??????????
LogTemp: Display: [SS3D] PHASE COVERAGE: phase=0 PASS
LogTemp: Display: [SS3D] PHASE COVERAGE: phase=1 PASS
LogTemp: Display: [SS3D] PHASE COVERAGE: phase=2 PASS
LogTemp: Display: [SS3D] PHASE COVERAGE: phase=3 PASS
LogTemp: Display: [SS3D] PHASE COVERAGE: phase=4 PASS
LogTemp: Display: [SS3D] PHASE COVERAGE: phase=5 PASS
LogTemp: Display: [SS3D] PHASE COVERAGE: phase=6 PASS
LogTemp: Display: [SS3D] PHASE COVERAGE: phase=7 PASS
LogTemp: Display: [SS3D] PHASE COVERAGE: phase=8 PASS
LogTemp: Display: [SS3D] PHASE COVERAGE: phase=9 PASS
LogTemp: Display: [SS3D] PHASE COVERAGE PASS???????????????????????????
LogTemp: Display: [SS3D] FLOW PASS?????????? Victory?
LogTemp: Display: [SS3D] AUDIT PASS??????????????????????
